[themes.webswaala.com/CMS/WW74/index.html]
[backblue.gif]
[fade.gif]
[index.html]
[themes.webswaala.com/CMS/WW74/feed/index.html]
[themes.webswaala.com/CMS/WW74/comments/feed/index.html]
[themes.webswaala.com/CMS/WW74/wp-content/plugins/revslider/public/css/sr76266.css]
[themes.webswaala.com/CMS/WW74/wp-content/plugins/wp-social/assets/css/frontend0226.css]
[themes.webswaala.com/CMS/WW74/wp-content/plugins/wp-social/assets/css/font-icon0226.css]
[themes.webswaala.com/CMS/WW74/wp-content/plugins/metform/public/assets/lib/cute-alert/style8603.css]
[themes.webswaala.com/CMS/WW74/wp-content/plugins/metform/public/assets/css/text-editor8603.css]
[themes.webswaala.com/CMS/WW74/wp-content/themes/thewebs/assets/css/global.min1cbb.css]
[themes.webswaala.com/CMS/WW74/wp-content/themes/thewebs/assets/css/header.min1cbb.css]
[themes.webswaala.com/CMS/WW74/wp-content/themes/thewebs/assets/css/content.min1cbb.css]
[themes.webswaala.com/CMS/WW74/wp-content/themes/thewebs/assets/css/footer.min1cbb.css]
[themes.webswaala.com/CMS/WW74/wp-content/themes/firezon-child/style32d4.css]
[themes.webswaala.com/CMS/WW74/wp-content/themes/thewebs/noun/assets/css/codecreator32d4.css]
[themes.webswaala.com/CMS/WW74/wp-content/plugins/thewebs-pro/dist/mega-menu/menu-addoncb18.css]
[themes.webswaala.com/CMS/WW74/wp-content/uploads/elementor/css/custom-frontend.min7cf1.css]
[themes.webswaala.com/CMS/WW74/wp-content/uploads/elementor/css/post-127cf1.css]
[themes.webswaala.com/CMS/WW74/wp-content/plugins/elementor/assets/lib/animations/styles/e-animation-float.min66bc.css]
[themes.webswaala.com/CMS/WW74/wp-content/plugins/elementor/assets/css/widget-image.min66bc.css]
[themes.webswaala.com/CMS/WW74/wp-content/plugins/elementor/assets/css/widget-counter.min66bc.css]
[themes.webswaala.com/CMS/WW74/wp-content/plugins/elementor/assets/css/widget-heading.min66bc.css]
[themes.webswaala.com/CMS/WW74/wp-content/uploads/elementor/css/custom-widget-icon-box.min7cf1.css]
[themes.webswaala.com/CMS/WW74/wp-content/uploads/elementor/css/custom-widget-icon-list.min7cf1.css]
[themes.webswaala.com/CMS/WW74/wp-content/plugins/elementor/assets/lib/animations/styles/e-animation-sink.min66bc.css]
[themes.webswaala.com/CMS/WW74/wp-content/uploads/elementor/css/custom-widget-image-box.min7cf1.css]
[themes.webswaala.com/CMS/WW74/wp-content/plugins/elementor/assets/lib/swiper/v8/css/swiper.min94a4.css]
[themes.webswaala.com/CMS/WW74/wp-content/plugins/elementor/assets/css/conditionals/e-swiper.min66bc.css]
[themes.webswaala.com/CMS/WW74/wp-content/uploads/elementor/css/custom-widget-image-gallery.min7cf1.css]
[themes.webswaala.com/CMS/WW74/wp-content/uploads/elementor/css/post-44235b6.css]
[themes.webswaala.com/CMS/WW74/wp-content/uploads/elementor/google-fonts/css/robotoc34f.css]
[themes.webswaala.com/CMS/WW74/wp-content/uploads/elementor/google-fonts/css/robotoslab4193.css]
[themes.webswaala.com/CMS/WW74/wp-content/uploads/elementor/google-fonts/css/alumnisans1c21.css]
[themes.webswaala.com/CMS/WW74/wp-content/uploads/elementor/google-fonts/css/opensans5454.css]
[themes.webswaala.com/CMS/WW74/wp-content/plugins/revslider/public/js/libs/tptools6266.js]
[themes.webswaala.com/CMS/WW74/wp-includes/js/jquery/jquery.minf43b.js]
[themes.webswaala.com/CMS/WW74/wp-content/plugins/revslider/public/js/sr76266.js]
[themes.webswaala.com/CMS/WW74/wp-includes/js/jquery/jquery-migrate.min5589.js]
[themes.webswaala.com/CMS/WW74/wp-content/plugins/wp-social/assets/js/front-main0226.js]
[themes.webswaala.com/CMS/WW74/wp-content/plugins/wp-social/assets/js/social-front32d4.js]
[themes.webswaala.com/CMS/WW74/wp-json/index.html]
[themes.webswaala.com/CMS/WW74/wp-json/wp/v2/pages/442.json]
[themes.webswaala.com/CMS/WW74/xmlrpc0db0.php]
[themes.webswaala.com/CMS/WW74/wp-json/oembed/1.0/embeda1f2.json]
[themes.webswaala.com/CMS/WW74/wp-json/oembed/1.0/embed38d0]
[themes.webswaala.com/CMS/WW74/wp-content/uploads/2024/08/fevicon-icon.png]
[themes.webswaala.com/CMS/WW74/wp-admin/admin-ajax.php]
[themes.webswaala.com/CMS/WW74/revslider/revslider.2e.delayed]
[themes.webswaala.com/CMS/WW74/${e1d2c]
[themes.webswaala.com/CMS/WW74/wp-content/uploads/2024/08/header-logo.svg]
[themes.webswaala.com/CMS/WW74/wp-content/uploads/revslider/firezon-slider/slider-01.jpg]
[themes.webswaala.com/CMS/WW74/wp-content/uploads/revslider/firezon-slider/slider-02.jpg]
[themes.webswaala.com/CMS/WW74/services/index.html]
[themes.webswaala.com/CMS/WW74/our-team/index.html]
[themes.webswaala.com/CMS/WW74/wp-content/uploads/2024/08/let-us-img-01.33.delayed]
[themes.webswaala.com/CMS/WW74/faq/index.html]
[themes.webswaala.com/CMS/WW74/404-error/index.html]
[themes.webswaala.com/CMS/WW74/about/index.html]
[themes.webswaala.com/CMS/WW74/blog/index.html]
[themes.webswaala.com/CMS/WW74/wp-content/uploads/2024/08/let-us-img-02.jpg]
[themes.webswaala.com/CMS/WW74/wp-content/uploads/2024/08/proagess-img-01.jpg]
[themes.webswaala.com/CMS/WW74/contact/index.html]
[themes.webswaala.com/CMS/WW74/wp-content/uploads/2024/08/proagess-img-02.jpg]
[themes.webswaala.com/CMS/WW74/wp-content/uploads/2024/08/services-img-01.jpg]
[themes.webswaala.com/CMS/WW74/wp-content/uploads/2024/08/services-img-02.jpg]
[themes.webswaala.com/CMS/WW74/wp-content/uploads/2024/08/services-img-03.jpg]
[themes.webswaala.com/CMS/WW74/wp-content/uploads/2024/08/services-img-04.jpg]
[themes.webswaala.com/CMS/WW74/wp-content/plugins/unlimited-for-elementor-premium/assets_libraries/font-awesome6/fontawesome-all.min.css]
[themes.webswaala.com/CMS/WW74/wp-content/plugins/unlimited-for-elementor-premium/assets_libraries/font-awesome6/fontawesome-v4-shims.min.css]
[themes.webswaala.com/CMS/WW74/wp-content/plugins/unlimited-for-elementor-premium/assets_libraries/owl-carousel-new/assets/owl.carousel.css]
[themes.webswaala.com/CMS/WW74/wp-content/uploads/2024/08/testimonial-03.png]
[themes.webswaala.com/CMS/WW74/wp-content/uploads/2024/08/testimonial-01.png]
[themes.webswaala.com/CMS/WW74/wp-content/uploads/2024/08/testimonial-02.png]
[themes.webswaala.com/CMS/WW74/wp-content/uploads/2024/08/team-01.jpg]
[themes.webswaala.com/CMS/WW74/wp-content/uploads/2024/08/team-02.jpg]
[themes.webswaala.com/CMS/WW74/wp-content/uploads/2024/08/team-03.jpg]
[themes.webswaala.com/CMS/WW74/wp-content/uploads/2024/08/team-04.jpg]
[themes.webswaala.com/CMS/WW74/wp-content/plugins/unlimited-for-elementor-premium/assets_libraries/lity/lity.min.css]
[themes.webswaala.com/CMS/WW74/wp-content/uploads/2024/08/blog-06.jpg]
[themes.webswaala.com/CMS/WW74/wp-content/uploads/2024/08/blog-05.jpg]
[themes.webswaala.com/CMS/WW74/wp-content/uploads/2024/08/blog-04.jpg]
[themes.webswaala.com/CMS/WW74/2024/08/07/female-firefighter-in-protective-uniform-standing/index.html]
[themes.webswaala.com/CMS/WW74/2024/08/07/high-risk-activities-and-accident-control-measures/index.html]
[themes.webswaala.com/CMS/WW74/wp-content/uploads/2024/08/blog-03.jpg]
[themes.webswaala.com/CMS/WW74/wp-content/uploads/2024/08/blog-02.jpg]
[themes.webswaala.com/CMS/WW74/2024/08/07/honeywell-to-showcase-new-first-responder-gear/index.html]
[themes.webswaala.com/CMS/WW74/2024/08/07/this-uniform-represents-a-commitment-to-service/index.html]
[themes.webswaala.com/CMS/WW74/wp-content/uploads/2024/08/blog-01.jpg]
[themes.webswaala.com/CMS/WW74/2024/08/07/they-dont-just-fight-fires-they-conquerfire-fear/index.html]
[themes.webswaala.com/CMS/WW74/wp-content/uploads/2024/08/gallery-04.jpg]
[themes.webswaala.com/CMS/WW74/2024/08/07/pour-oil-on-troubled-waters-but-neveron-your-fire/index.html]
[themes.webswaala.com/CMS/WW74/wp-content/uploads/2024/08/gallery-05.jpg]
[themes.webswaala.com/CMS/WW74/wp-content/uploads/2024/08/gallery-01.jpg]
[themes.webswaala.com/CMS/WW74/wp-content/uploads/2024/08/gallery-02.jpg]
[themes.webswaala.com/CMS/WW74/wp-content/uploads/2024/08/gallery-03.jpg]
[themes.webswaala.com/CMS/WW74/wp-content/uploads/2024/08/footer-logo.svg]
[themes.webswaala.com/CMS/WW74/wp-content/plugins/elementor/assets/lib/font-awesome/css/all.min66bc.css]
[themes.webswaala.com/CMS/WW74/wp-content/plugins/elementor/assets/lib/font-awesome/css/v4-shims.min66bc.css]
[themes.webswaala.com/CMS/WW74/wp-content/plugins/metform/public/assets/lib/cute-alert/cute-alert8603.js]
[themes.webswaala.com/CMS/WW74/wp-content/themes/thewebs/assets/js/navigation.min1cbb.js]
[themes.webswaala.com/CMS/WW74/wp-content/themes/thewebs/noun/assets/js/src/codecreator5152.js]
[themes.webswaala.com/CMS/WW74/wp-content/plugins/elementor/assets/js/webpack.runtime.min66bc.js]
[themes.webswaala.com/CMS/WW74/wp-content/plugins/elementor/assets/js/frontend-modules.min66bc.js]
[themes.webswaala.com/CMS/WW74/wp-includes/js/jquery/ui/core.minb37e.js]
[themes.webswaala.com/CMS/WW74/wp-content/plugins/elementor/assets/js/frontend.min66bc.js]
[themes.webswaala.com/CMS/WW74/wp-content/plugins/elementor/assets/lib/jquery-numerator/jquery-numerator.min3958.js]
[themes.webswaala.com/CMS/WW74/wp-content/plugins/elementor/assets/lib/swiper/v8/swiper.min94a4.js]
[themes.webswaala.com/CMS/WW74/wp-content/plugins/elementor/assets/lib/font-awesome/js/v4-shims.min66bc.js]
[themes.webswaala.com/CMS/WW74/wp-content/uploads/ac_assets/uc-liner-progress-bar/jquery.waypoints.min16a4.js]
[themes.webswaala.com/CMS/WW74/wp-content/uploads/ac_assets/uc-liner-progress-bar/jquery-asProgress.min16a4.js]
[themes.webswaala.com/CMS/WW74/wp-content/plugins/unlimited-for-elementor-premium/assets_libraries/owl-carousel-new/owl.carousel.min16a4.js]
[themes.webswaala.com/CMS/WW74/index.html]
[themes.webswaala.com/CMS/WW74/wp-content/plugins/revslider/public/css/sr76266.css]
[themes.webswaala.com/CMS/WW74/wp-content/plugins/wp-social/assets/css/frontend0226.css]
[themes.webswaala.com/CMS/WW74/wp-content/plugins/unlimited-for-elementor-premium/assets_libraries/lity/lity.min16a4.js]
[themes.webswaala.com/CMS/WW74/wp-content/plugins/wp-social/assets/css/fonts/met-social150e.eot]
[themes.webswaala.com/CMS/WW74/wp-content/plugins/wp-social/assets/css/fonts/met-social150e.ttf]
[themes.webswaala.com/CMS/WW74/wp-content/plugins/wp-social/assets/css/fonts/met-social150e.woff]
[themes.webswaala.com/CMS/WW74/wp-content/plugins/wp-social/assets/css/font-icon0226.css]
[themes.webswaala.com/CMS/WW74/wp-content/plugins/metform/public/assets/lib/cute-alert/style8603.css]
[themes.webswaala.com/CMS/WW74/wp-content/plugins/metform/public/assets/css/text-editor8603.css]
[themes.webswaala.com/CMS/WW74/wp-content/themes/thewebs/assets/css/global.min1cbb.css]
[themes.webswaala.com/CMS/WW74/wp-content/themes/thewebs/assets/css/header.min1cbb.css]
[themes.webswaala.com/CMS/WW74/wp-content/themes/thewebs/assets/css/content.min1cbb.css]
[themes.webswaala.com/CMS/WW74/wp-content/themes/thewebs/assets/css/footer.min1cbb.css]
[themes.webswaala.com/CMS/WW74/wp-content/plugins/wp-social/assets/css/fonts/met-social150e.svg]
[themes.webswaala.com/CMS/WW74/wp-content/themes/firezon-child/assets/image/loader.gif]
[themes.webswaala.com/CMS/WW74/wp-content/themes/firezon-child/style32d4.css]
[themes.webswaala.com/CMS/WW74/wp-content/themes/thewebs/noun/assets/css/codecreator32d4.css]
[themes.webswaala.com/CMS/WW74/wp-content/plugins/thewebs-pro/dist/mega-menu/menu-addoncb18.css]
[themes.webswaala.com/CMS/WW74/wp-content/uploads/elementor/css/custom-frontend.min7cf1.css]
[themes.webswaala.com/CMS/WW74/wp-content/uploads/elementor/css/post-127cf1.css]
[themes.webswaala.com/CMS/WW74/wp-content/plugins/elementor/assets/lib/animations/styles/e-animation-float.min66bc.css]
[themes.webswaala.com/CMS/WW74/wp-content/plugins/elementor/assets/css/widget-image.min66bc.css]
[themes.webswaala.com/CMS/WW74/wp-content/plugins/elementor/assets/css/widget-counter.min66bc.css]
[themes.webswaala.com/CMS/WW74/wp-content/plugins/elementor/assets/css/widget-heading.min66bc.css]
[themes.webswaala.com/CMS/WW74/wp-content/uploads/elementor/css/custom-widget-icon-box.min7cf1.css]
[themes.webswaala.com/CMS/WW74/wp-content/uploads/elementor/css/custom-widget-icon-list.min7cf1.css]
[themes.webswaala.com/CMS/WW74/wp-content/plugins/elementor/assets/lib/animations/styles/e-animation-sink.min66bc.css]
[themes.webswaala.com/CMS/WW74/wp-content/plugins/elementor/assets/lib/animations/styles/e-animation-grow.min66bc.css]
[themes.webswaala.com/CMS/WW74/wp-content/uploads/elementor/css/custom-widget-image-box.min7cf1.css]
[themes.webswaala.com/CMS/WW74/wp-content/plugins/elementor/assets/lib/swiper/v8/css/swiper.min94a4.css]
[themes.webswaala.com/CMS/WW74/wp-content/plugins/elementor/assets/css/conditionals/e-swiper.min66bc.css]
[themes.webswaala.com/CMS/WW74/wp-content/uploads/elementor/css/custom-widget-image-gallery.min7cf1.css]
[themes.webswaala.com/CMS/WW74/wp-content/uploads/2024/08/counter-img.jpg]
[themes.webswaala.com/CMS/WW74/wp-content/uploads/2024/08/testimonial-img.jpg]
[themes.webswaala.com/CMS/WW74/wp-content/uploads/elementor/css/post-44235b6.css]
[themes.webswaala.com/CMS/WW74/wp-content/uploads/elementor/google-fonts/fonts/roboto-aa47213c.woff2]
[themes.webswaala.com/CMS/WW74/wp-content/uploads/elementor/google-fonts/fonts/roboto-60dc2a88.woff2]
[themes.webswaala.com/CMS/WW74/wp-content/uploads/elementor/google-fonts/fonts/roboto-88769a1e.woff2]
[themes.webswaala.com/CMS/WW74/wp-content/uploads/elementor/google-fonts/fonts/roboto-0585f5a7.woff2]
[themes.webswaala.com/CMS/WW74/wp-content/uploads/elementor/google-fonts/fonts/roboto-244686ad.woff2]
[themes.webswaala.com/CMS/WW74/wp-content/uploads/elementor/google-fonts/fonts/roboto-58e5057a.woff2]
[themes.webswaala.com/CMS/WW74/wp-content/uploads/elementor/google-fonts/fonts/roboto-c012394d.woff2]
[themes.webswaala.com/CMS/WW74/wp-content/uploads/elementor/google-fonts/fonts/roboto-b8c55b0e.woff2]
[themes.webswaala.com/CMS/WW74/wp-content/uploads/elementor/google-fonts/fonts/roboto-6fa0783f.woff2]
[themes.webswaala.com/CMS/WW74/wp-content/uploads/elementor/google-fonts/fonts/roboto-1dba1bc2.woff2]
[themes.webswaala.com/CMS/WW74/wp-content/uploads/elementor/google-fonts/fonts/roboto-c4482425.woff2]
[themes.webswaala.com/CMS/WW74/wp-content/uploads/elementor/google-fonts/fonts/roboto-a1dc56af.woff2]
[themes.webswaala.com/CMS/WW74/wp-content/uploads/elementor/google-fonts/fonts/roboto-20c48c4e.woff2]
[themes.webswaala.com/CMS/WW74/wp-content/uploads/elementor/google-fonts/fonts/roboto-3603e9b2.woff2]
[themes.webswaala.com/CMS/WW74/wp-content/uploads/elementor/google-fonts/fonts/roboto-31b09f96.woff2]
[themes.webswaala.com/CMS/WW74/wp-content/uploads/elementor/google-fonts/fonts/roboto-bf5e5259.woff2]
[themes.webswaala.com/CMS/WW74/wp-content/uploads/elementor/google-fonts/fonts/roboto-41d25e69.woff2]
[themes.webswaala.com/CMS/WW74/wp-content/uploads/elementor/google-fonts/fonts/roboto-fb5169d9.woff2]
[themes.webswaala.com/CMS/WW74/wp-content/uploads/elementor/google-fonts/css/robotoc34f.css]
[themes.webswaala.com/CMS/WW74/wp-content/uploads/elementor/google-fonts/fonts/robotoslab-83dfed57.woff2]
[themes.webswaala.com/CMS/WW74/wp-content/uploads/elementor/google-fonts/fonts/robotoslab-f7c1acf8.woff2]
[themes.webswaala.com/CMS/WW74/wp-content/uploads/elementor/google-fonts/fonts/robotoslab-f5125d80.woff2]
[themes.webswaala.com/CMS/WW74/wp-content/uploads/elementor/google-fonts/fonts/robotoslab-7335a6ac.woff2]
[themes.webswaala.com/CMS/WW74/wp-content/uploads/elementor/google-fonts/fonts/robotoslab-a3e20834.woff2]
[themes.webswaala.com/CMS/WW74/wp-content/uploads/elementor/google-fonts/fonts/robotoslab-ecf35e38.woff2]
[themes.webswaala.com/CMS/WW74/wp-content/uploads/elementor/google-fonts/fonts/robotoslab-09b550e6.woff2]
[themes.webswaala.com/CMS/WW74/wp-content/uploads/elementor/google-fonts/css/robotoslab4193.css]
[themes.webswaala.com/CMS/WW74/wp-content/uploads/elementor/google-fonts/fonts/alumnisans-783e9f72.woff2]
[themes.webswaala.com/CMS/WW74/wp-content/uploads/elementor/google-fonts/fonts/alumnisans-2a3c2093.woff2]
[themes.webswaala.com/CMS/WW74/wp-content/uploads/elementor/google-fonts/fonts/alumnisans-fc4462ac.woff2]
[themes.webswaala.com/CMS/WW74/wp-content/uploads/elementor/google-fonts/fonts/alumnisans-59fbf584.woff2]
[themes.webswaala.com/CMS/WW74/wp-content/uploads/elementor/google-fonts/fonts/alumnisans-0d38ec45.woff2]
[themes.webswaala.com/CMS/WW74/wp-content/uploads/elementor/google-fonts/fonts/alumnisans-6a9187bb.woff2]
[themes.webswaala.com/CMS/WW74/wp-content/uploads/elementor/google-fonts/fonts/alumnisans-3ff3ae5b.woff2]
[themes.webswaala.com/CMS/WW74/wp-content/uploads/elementor/google-fonts/fonts/alumnisans-0db01780.woff2]
[themes.webswaala.com/CMS/WW74/wp-content/uploads/elementor/google-fonts/fonts/alumnisans-6ca71414.woff2]
[themes.webswaala.com/CMS/WW74/wp-content/uploads/elementor/google-fonts/fonts/alumnisans-994f503a.woff2]
[themes.webswaala.com/CMS/WW74/wp-content/uploads/elementor/google-fonts/css/alumnisans1c21.css]
[themes.webswaala.com/CMS/WW74/wp-content/uploads/elementor/google-fonts/fonts/opensans-b292c650.woff2]
[themes.webswaala.com/CMS/WW74/wp-content/uploads/elementor/google-fonts/fonts/opensans-9d5158d4.woff2]
[themes.webswaala.com/CMS/WW74/wp-content/uploads/elementor/google-fonts/fonts/opensans-6d716eae.woff2]
[themes.webswaala.com/CMS/WW74/wp-content/uploads/elementor/google-fonts/fonts/opensans-1cd16fd1.woff2]
[themes.webswaala.com/CMS/WW74/wp-content/uploads/elementor/google-fonts/fonts/opensans-4ef8e960.woff2]
[themes.webswaala.com/CMS/WW74/wp-content/uploads/elementor/google-fonts/fonts/opensans-10ea4d16.woff2]
[themes.webswaala.com/CMS/WW74/wp-content/uploads/elementor/google-fonts/fonts/opensans-4063aa40.woff2]
[themes.webswaala.com/CMS/WW74/wp-content/uploads/elementor/google-fonts/fonts/opensans-d57cd6a9.woff2]
[themes.webswaala.com/CMS/WW74/wp-content/uploads/elementor/google-fonts/fonts/opensans-a1125ca9.woff2]
[themes.webswaala.com/CMS/WW74/wp-content/uploads/elementor/google-fonts/fonts/opensans-30aee4f9.woff2]
[themes.webswaala.com/CMS/WW74/wp-content/uploads/elementor/google-fonts/fonts/opensans-c7cc9e7e.woff2]
[themes.webswaala.com/CMS/WW74/wp-content/uploads/elementor/google-fonts/fonts/opensans-13e91d7e.woff2]
[themes.webswaala.com/CMS/WW74/wp-content/uploads/elementor/google-fonts/fonts/opensans-9c46c0fa.woff2]
[themes.webswaala.com/CMS/WW74/wp-content/uploads/elementor/google-fonts/fonts/opensans-518e8dfc.woff2]
[themes.webswaala.com/CMS/WW74/wp-content/uploads/elementor/google-fonts/fonts/opensans-24a1c958.woff2]
[themes.webswaala.com/CMS/WW74/wp-content/uploads/elementor/google-fonts/fonts/opensans-c22bc1e5.woff2]
[themes.webswaala.com/CMS/WW74/wp-content/uploads/elementor/google-fonts/fonts/opensans-2febb19a.woff2]
[themes.webswaala.com/CMS/WW74/wp-content/uploads/elementor/google-fonts/fonts/opensans-164c60d0.woff2]
[themes.webswaala.com/CMS/WW74/wp-content/uploads/elementor/google-fonts/fonts/opensans-b86571b1.woff2]
[themes.webswaala.com/CMS/WW74/wp-content/uploads/elementor/google-fonts/fonts/opensans-8a8b2b0f.woff2]
[themes.webswaala.com/CMS/WW74/wp-content/uploads/elementor/google-fonts/css/opensans5454.css]
[themes.webswaala.com/CMS/WW74/wp-admin/admin-ajax.html]
[themes.webswaala.com/CMS/WW74/revslider/revslider.html]
[themes.webswaala.com/CMS/WW74/wp-content/plugins/revslider/index.html]
[themes.webswaala.com/CMS/WW74/wp-content/plugins/index.html]
[themes.webswaala.com/CMS/WW74/${e1d2c.html]
[themes.webswaala.com/CMS/WW74/wp-content/uploads/2024/08/header-logo.svg]
[themes.webswaala.com/CMS/WW74/wp-content/uploads/2024/08/bredcrumb-03.jpg]
[themes.webswaala.com/CMS/WW74/wp-content/uploads/elementor/css/post-203c267.css]
[themes.webswaala.com/CMS/WW74/wp-json/wp/v2/pages/203.json]
[themes.webswaala.com/CMS/WW74/wp-json/oembed/1.0/embed96a8.json]
[themes.webswaala.com/CMS/WW74/wp-json/oembed/1.0/embedf8e4]
[themes.webswaala.com/CMS/WW74/services/revslider/revslider.php]
[themes.webswaala.com/CMS/WW74/services/${e1d2c]
[themes.webswaala.com/CMS/WW74/wp-content/uploads/2024/08/services-img-05.jpg]
[themes.webswaala.com/CMS/WW74/wp-content/uploads/2024/08/services-img-06.jpg]
[themes.webswaala.com/CMS/WW74/wp-content/uploads/2024/08/services-img-07.jpg]
[themes.webswaala.com/CMS/WW74/wp-content/uploads/2024/08/services-img-08.jpg]
[themes.webswaala.com/CMS/WW74/services/index.html]
[themes.webswaala.com/CMS/WW74/wp-content/uploads/2024/08/bredcrumb-01.jpg]
[themes.webswaala.com/CMS/WW74/wp-content/uploads/elementor/css/post-2008328.css]
[themes.webswaala.com/CMS/WW74/wp-json/wp/v2/pages/200.json]
[themes.webswaala.com/CMS/WW74/wp-json/oembed/1.0/embed1f00.json]
[themes.webswaala.com/CMS/WW74/wp-json/oembed/1.0/embeddbf3]
[themes.webswaala.com/CMS/WW74/our-team/revslider/revslider.php]
[themes.webswaala.com/CMS/WW74/our-team/${e1d2c]
[themes.webswaala.com/CMS/WW74/wp-content/uploads/2024/08/team-05.jpg]
[themes.webswaala.com/CMS/WW74/wp-content/uploads/2024/08/team-06.jpg]
[themes.webswaala.com/CMS/WW74/wp-content/uploads/2024/08/team-07.jpg]
[themes.webswaala.com/CMS/WW74/wp-content/uploads/2024/08/team-08.jpg]
[themes.webswaala.com/CMS/WW74/our-team/index.html]
[themes.webswaala.com/CMS/WW74/wp-content/uploads/2024/08/bredcrumb-02.jpg]
[themes.webswaala.com/CMS/WW74/wp-content/uploads/elementor/css/custom-widget-accordion.min7cf1.css]
[themes.webswaala.com/CMS/WW74/wp-content/uploads/elementor/css/post-20603ac.css]
[themes.webswaala.com/CMS/WW74/wp-json/wp/v2/pages/206.json]
[themes.webswaala.com/CMS/WW74/wp-json/oembed/1.0/embed5948.json]
[themes.webswaala.com/CMS/WW74/wp-json/oembed/1.0/embedba85]
[themes.webswaala.com/CMS/WW74/faq/revslider/revslider.php]
[themes.webswaala.com/CMS/WW74/faq/${e1d2c]
[themes.webswaala.com/CMS/WW74/faq/index.html]
[themes.webswaala.com/CMS/WW74/wp-content/uploads/elementor/css/post-2090188.css]
[themes.webswaala.com/CMS/WW74/wp-json/wp/v2/pages/209.json]
[themes.webswaala.com/CMS/WW74/wp-json/oembed/1.0/embed52df.json]
[themes.webswaala.com/CMS/WW74/wp-json/oembed/1.0/embedd927]
[themes.webswaala.com/CMS/WW74/404-error/revslider/revslider.php]
[themes.webswaala.com/CMS/WW74/404-error/${e1d2c]
[themes.webswaala.com/CMS/WW74/404-error/index.html]
[themes.webswaala.com/CMS/WW74/wp-content/uploads/elementor/css/post-178af3.css]
[themes.webswaala.com/CMS/WW74/wp-json/wp/v2/pages/17.json]
[themes.webswaala.com/CMS/WW74/wp-json/oembed/1.0/embed98cd.json]
[themes.webswaala.com/CMS/WW74/wp-json/oembed/1.0/embede1f2]
[themes.webswaala.com/CMS/WW74/about/revslider/revslider.php]
[themes.webswaala.com/CMS/WW74/about/${e1d2c]
[themes.webswaala.com/CMS/WW74/about/index.html]
[themes.webswaala.com/CMS/WW74/wp-includes/css/dist/block-library/style.min32d4.css]
[themes.webswaala.com/CMS/WW74/wp-content/themes/thewebs/assets/css/sidebar.min1cbb.css]
[themes.webswaala.com/CMS/WW74/blog/revslider/revslider.php]
[themes.webswaala.com/CMS/WW74/blog/${e1d2c]
[themes.webswaala.com/CMS/WW74/wp-content/uploads/2024/08/blog-06-768x280.jpg]
[themes.webswaala.com/CMS/WW74/wp-content/uploads/2024/08/blog-05-768x280.jpg]
[themes.webswaala.com/CMS/WW74/wp-content/uploads/2024/08/blog-04-768x280.jpg]
[themes.webswaala.com/CMS/WW74/wp-content/uploads/2024/08/blog-03-768x280.jpg]
[themes.webswaala.com/CMS/WW74/wp-content/uploads/2024/08/blog-02-768x280.jpg]
[themes.webswaala.com/CMS/WW74/wp-content/uploads/2024/08/blog-06-150x150.jpg]
[themes.webswaala.com/CMS/WW74/wp-content/uploads/2024/08/blog-05-150x150.jpg]
[themes.webswaala.com/CMS/WW74/wp-content/uploads/2024/08/blog-04-150x150.jpg]
[themes.webswaala.com/CMS/WW74/wp-content/plugins/thewebs-pro/dist/infinite-scroll/infinite-scroll.mincb18.js]
[themes.webswaala.com/CMS/WW74/wp-content/plugins/thewebs-pro/dist/infinite-scroll/src/infinite-scroll-eventscb18.js]
[themes.webswaala.com/CMS/WW74/blog/index.html]
[themes.webswaala.com/CMS/WW74/blog/page/2/index.html]
[themes.webswaala.com/CMS/WW74/wp-content/plugins/elementor/assets/css/widget-social-icons.min66bc.css]
[themes.webswaala.com/CMS/WW74/wp-content/uploads/elementor/css/custom-apple-webkit.min7cf1.css]
[themes.webswaala.com/CMS/WW74/wp-content/plugins/metform/public/assets/css/metform-ui8603.css]
[themes.webswaala.com/CMS/WW74/wp-content/plugins/metform/public/assets/css/style8603.css]
[themes.webswaala.com/CMS/WW74/wp-content/plugins/elementor/assets/css/widget-google_maps.min66bc.css]
[themes.webswaala.com/CMS/WW74/wp-content/uploads/elementor/css/post-2064ce.css]
[themes.webswaala.com/CMS/WW74/wp-json/wp/v2/pages/20.json]
[themes.webswaala.com/CMS/WW74/wp-json/oembed/1.0/embedc3a2.json]
[themes.webswaala.com/CMS/WW74/wp-json/oembed/1.0/embed12a8]
[themes.webswaala.com/CMS/WW74/contact/revslider/revslider.php]
[themes.webswaala.com/CMS/WW74/contact/${e1d2c]
[themes.webswaala.com/CMS/WW74/wp-content/uploads/elementor/css/post-30464ce.css]
[themes.webswaala.com/CMS/WW74/wp-content/plugins/metform/public/assets/js/htm8603.js]
[themes.webswaala.com/CMS/WW74/wp-includes/js/dist/vendor/react.mine1ab.js]
[themes.webswaala.com/CMS/WW74/wp-includes/js/dist/vendor/react-dom.mine1ab.js]
[themes.webswaala.com/CMS/WW74/wp-includes/js/dist/escape-html.min3a9d.js]
[themes.webswaala.com/CMS/WW74/wp-includes/js/dist/element.minfa0f.js]
[themes.webswaala.com/CMS/WW74/contact/index.html]
[themes.webswaala.com/CMS/WW74/wp-content/plugins/unlimited-for-elementor-premium/assets_libraries/font-awesome6/fa-brands-400.woff2]
[themes.webswaala.com/CMS/WW74/wp-content/plugins/metform/public/assets/js/app8603.js]
[themes.webswaala.com/CMS/WW74/wp-content/plugins/unlimited-for-elementor-premium/assets_libraries/font-awesome6/fa-regular-400.woff2]
[themes.webswaala.com/CMS/WW74/wp-content/plugins/unlimited-for-elementor-premium/assets_libraries/font-awesome6/fa-regular-400.ttf]
[themes.webswaala.com/CMS/WW74/wp-content/plugins/unlimited-for-elementor-premium/assets_libraries/font-awesome6/fa-brands-400.ttf]
[themes.webswaala.com/CMS/WW74/wp-content/plugins/unlimited-for-elementor-premium/assets_libraries/font-awesome6/fa-solid-900.woff2]
[themes.webswaala.com/CMS/WW74/wp-content/plugins/unlimited-for-elementor-premium/assets_libraries/font-awesome6/fa-v4compatibility.woff2]
[themes.webswaala.com/CMS/WW74/wp-content/plugins/unlimited-for-elementor-premium/assets_libraries/font-awesome6/fa-solid-900.ttf]
[themes.webswaala.com/CMS/WW74/wp-content/plugins/unlimited-for-elementor-premium/assets_libraries/font-awesome6/fa-v4compatibility.ttf]
[themes.webswaala.com/CMS/WW74/wp-content/plugins/unlimited-for-elementor-premium/assets_libraries/font-awesome6/fontawesome-all.min.css]
[themes.webswaala.com/CMS/WW74/wp-content/plugins/unlimited-for-elementor-premium/assets_libraries/font-awesome6/fontawesome-v4-shims.min.css]
[themes.webswaala.com/CMS/WW74/wp-content/plugins/unlimited-for-elementor-premium/assets_libraries/owl-carousel-new/assets/owl.video.play.png]
[themes.webswaala.com/CMS/WW74/wp-content/plugins/unlimited-for-elementor-premium/assets_libraries/owl-carousel-new/assets/owl.carousel.css]
[themes.webswaala.com/CMS/WW74/wp-content/plugins/unlimited-for-elementor-premium/assets_libraries/lity/lity.min.css]
[themes.webswaala.com/CMS/WW74/wp-content/themes/thewebs/assets/css/comments.min1cbb.css]
[themes.webswaala.com/CMS/WW74/2024/08/07/female-firefighter-in-protective-uniform-standing/feed/index.html]
[themes.webswaala.com/CMS/WW74/wp-json/wp/v2/posts/147.json]
[themes.webswaala.com/CMS/WW74/wp-json/oembed/1.0/embed95c0.json]
[themes.webswaala.com/CMS/WW74/wp-json/oembed/1.0/embed9044]
[themes.webswaala.com/CMS/WW74/xmlrpc.php]
[themes.webswaala.com/CMS/WW74/2024/08/07/female-firefighter-in-protective-uniform-standing/revslider/revslider.php]
[themes.webswaala.com/CMS/WW74/2024/08/07/female-firefighter-in-protective-uniform-standing/${e1d2c]
[themes.webswaala.com/CMS/WW74/2024/08/07/female-firefighter-in-protective-uniform-standing/index.html]
[themes.webswaala.com/CMS/WW74/wp-includes/js/comment-reply.min32d4.js]
[themes.webswaala.com/CMS/WW74/wp-json/wp/v2/posts/145.json]
[themes.webswaala.com/CMS/WW74/2024/08/07/high-risk-activities-and-accident-control-measures/feed/index.html]
[themes.webswaala.com/CMS/WW74/wp-json/oembed/1.0/embedb86f.json]
[themes.webswaala.com/CMS/WW74/wp-json/oembed/1.0/embedce4b]
[themes.webswaala.com/CMS/WW74/2024/08/07/high-risk-activities-and-accident-control-measures/revslider/revslider.php]
[themes.webswaala.com/CMS/WW74/2024/08/07/high-risk-activities-and-accident-control-measures/${e1d2c]
[themes.webswaala.com/CMS/WW74/2024/08/07/high-risk-activities-and-accident-control-measures/index.html]
[themes.webswaala.com/CMS/WW74/wp-json/wp/v2/posts/143.json]
[themes.webswaala.com/CMS/WW74/2024/08/07/honeywell-to-showcase-new-first-responder-gear/feed/index.html]
[themes.webswaala.com/CMS/WW74/wp-json/oembed/1.0/embed4f4e.json]
[themes.webswaala.com/CMS/WW74/wp-json/oembed/1.0/embedbfcc]
[themes.webswaala.com/CMS/WW74/2024/08/07/honeywell-to-showcase-new-first-responder-gear/revslider/revslider.php]
[themes.webswaala.com/CMS/WW74/2024/08/07/honeywell-to-showcase-new-first-responder-gear/${e1d2c]
[themes.webswaala.com/CMS/WW74/2024/08/07/honeywell-to-showcase-new-first-responder-gear/index.html]
[themes.webswaala.com/CMS/WW74/wp-json/wp/v2/posts/141.json]
[themes.webswaala.com/CMS/WW74/2024/08/07/this-uniform-represents-a-commitment-to-service/feed/index.html]
[themes.webswaala.com/CMS/WW74/wp-json/oembed/1.0/embed55fa.json]
[themes.webswaala.com/CMS/WW74/wp-json/oembed/1.0/embed5738]
[themes.webswaala.com/CMS/WW74/2024/08/07/this-uniform-represents-a-commitment-to-service/revslider/revslider.php]
[themes.webswaala.com/CMS/WW74/2024/08/07/this-uniform-represents-a-commitment-to-service/${e1d2c]
[themes.webswaala.com/CMS/WW74/2024/08/07/this-uniform-represents-a-commitment-to-service/index.html]
[themes.webswaala.com/CMS/WW74/2024/08/07/they-dont-just-fight-fires-they-conquerfire-fear/feed/index.html]
[themes.webswaala.com/CMS/WW74/wp-json/wp/v2/posts/138.json]
[themes.webswaala.com/CMS/WW74/wp-json/oembed/1.0/embede2c6.json]
[themes.webswaala.com/CMS/WW74/wp-json/oembed/1.0/embed3b18]
[themes.webswaala.com/CMS/WW74/2024/08/07/they-dont-just-fight-fires-they-conquerfire-fear/revslider/revslider.php]
[themes.webswaala.com/CMS/WW74/2024/08/07/they-dont-just-fight-fires-they-conquerfire-fear/${e1d2c]
[themes.webswaala.com/CMS/WW74/2024/08/07/they-dont-just-fight-fires-they-conquerfire-fear/index.html]
[themes.webswaala.com/CMS/WW74/wp-json/wp/v2/posts/130.json]
[themes.webswaala.com/CMS/WW74/2024/08/07/pour-oil-on-troubled-waters-but-neveron-your-fire/feed/index.html]
[themes.webswaala.com/CMS/WW74/wp-json/oembed/1.0/embed0d75.json]
[themes.webswaala.com/CMS/WW74/wp-json/oembed/1.0/embeda371]
[themes.webswaala.com/CMS/WW74/2024/08/07/pour-oil-on-troubled-waters-but-neveron-your-fire/revslider/revslider.php]
[themes.webswaala.com/CMS/WW74/2024/08/07/pour-oil-on-troubled-waters-but-neveron-your-fire/${e1d2c]
[themes.webswaala.com/CMS/WW74/wp-content/uploads/2024/08/blog-05-1024x373.jpg]
[themes.webswaala.com/CMS/WW74/wp-content/uploads/2024/08/blog-06-1024x373.jpg]
[themes.webswaala.com/CMS/WW74/2024/08/07/pour-oil-on-troubled-waters-but-neveron-your-fire/index.html]
[themes.webswaala.com/CMS/WW74/wp-content/uploads/2024/08/footer-logo.svg]
[themes.webswaala.com/CMS/WW74/wp-content/plugins/elementor/assets/lib/font-awesome/webfonts/fa-brands-400.eot]
[themes.webswaala.com/CMS/WW74/wp-content/plugins/elementor/assets/lib/font-awesome/webfonts/fa-brands-400d41d.eot]
[themes.webswaala.com/CMS/WW74/wp-content/plugins/elementor/assets/lib/font-awesome/webfonts/fa-brands-400.woff2]
[themes.webswaala.com/CMS/WW74/wp-content/plugins/elementor/assets/lib/font-awesome/webfonts/fa-brands-400.woff]
[themes.webswaala.com/CMS/WW74/wp-content/plugins/elementor/assets/lib/font-awesome/webfonts/fa-brands-400.ttf]
[themes.webswaala.com/CMS/WW74/wp-content/plugins/elementor/assets/lib/font-awesome/webfonts/fa-regular-400.eot]
[themes.webswaala.com/CMS/WW74/wp-content/plugins/elementor/assets/lib/font-awesome/webfonts/fa-brands-400.svg]
[themes.webswaala.com/CMS/WW74/wp-content/plugins/elementor/assets/lib/font-awesome/webfonts/fa-regular-400d41d.eot]
[themes.webswaala.com/CMS/WW74/wp-content/plugins/elementor/assets/lib/font-awesome/webfonts/fa-regular-400.woff2]
[themes.webswaala.com/CMS/WW74/wp-content/plugins/elementor/assets/lib/font-awesome/webfonts/fa-regular-400.woff]
[themes.webswaala.com/CMS/WW74/wp-content/plugins/elementor/assets/lib/font-awesome/webfonts/fa-regular-400.ttf]
[themes.webswaala.com/CMS/WW74/wp-content/plugins/elementor/assets/lib/font-awesome/webfonts/fa-regular-400.svg]
[themes.webswaala.com/CMS/WW74/wp-content/plugins/elementor/assets/lib/font-awesome/webfonts/fa-solid-900.eot]
[themes.webswaala.com/CMS/WW74/wp-content/plugins/elementor/assets/lib/font-awesome/webfonts/fa-solid-900d41d.eot]
[themes.webswaala.com/CMS/WW74/wp-content/plugins/elementor/assets/lib/font-awesome/webfonts/fa-solid-900.woff2]
[themes.webswaala.com/CMS/WW74/wp-content/plugins/elementor/assets/lib/font-awesome/webfonts/fa-solid-900.woff]
[themes.webswaala.com/CMS/WW74/wp-content/plugins/elementor/assets/lib/font-awesome/webfonts/fa-solid-900.ttf]
[themes.webswaala.com/CMS/WW74/wp-content/plugins/elementor/assets/lib/font-awesome/css/all.min66bc.css]
[themes.webswaala.com/CMS/WW74/wp-content/plugins/elementor/assets/lib/font-awesome/css/v4-shims.min66bc.css]
[themes.webswaala.com/CMS/WW74/wp-content/plugins/wp-social/assets/css/fonts/met-social150e.svg]
[themes.webswaala.com/CMS/WW74/wp-content/uploads/elementor/css/post-203c267.css]
[themes.webswaala.com/CMS/WW74/indexc39e.html]
[themes.webswaala.com/CMS/WW74/services/revslider/revslider.html]
[themes.webswaala.com/CMS/WW74/services/${e1d2c.html]
[themes.webswaala.com/CMS/WW74/wp-content/uploads/elementor/css/post-2008328.css]
[themes.webswaala.com/CMS/WW74/indexdc0d.html]
[themes.webswaala.com/CMS/WW74/our-team/revslider/revslider.html]
[themes.webswaala.com/CMS/WW74/our-team/${e1d2c.html]
[themes.webswaala.com/CMS/WW74/wp-content/uploads/elementor/css/custom-widget-accordion.min7cf1.css]
[themes.webswaala.com/CMS/WW74/wp-content/uploads/elementor/css/post-20603ac.css]
[themes.webswaala.com/CMS/WW74/index1e11.html]
[themes.webswaala.com/CMS/WW74/faq/revslider/revslider.html]
[themes.webswaala.com/CMS/WW74/faq/${e1d2c.html]
[themes.webswaala.com/CMS/WW74/wp-content/plugins/elementor/assets/lib/animations/styles/fadeIn.min66bc.css]
[themes.webswaala.com/CMS/WW74/wp-content/plugins/elementor/assets/lib/font-awesome/webfonts/fa-solid-900.svg]
[themes.webswaala.com/CMS/WW74/wp-content/uploads/2024/08/404.jpg]
[themes.webswaala.com/CMS/WW74/wp-content/uploads/elementor/css/post-2090188.css]
[themes.webswaala.com/CMS/WW74/index4e6a.html]
[themes.webswaala.com/CMS/WW74/404-error/revslider/revslider.html]
[themes.webswaala.com/CMS/WW74/404-error/${e1d2c.html]
[themes.webswaala.com/CMS/WW74/wp-content/uploads/elementor/css/post-178af3.css]
[themes.webswaala.com/CMS/WW74/indexd8eb.html]
[themes.webswaala.com/CMS/WW74/about/revslider/revslider.html]
[themes.webswaala.com/CMS/WW74/about/${e1d2c.html]
[themes.webswaala.com/CMS/WW74/wp-includes/css/dist/block-library/style.min32d4.css]
[themes.webswaala.com/CMS/WW74/wp-content/themes/thewebs/assets/css/sidebar.min1cbb.css]
[themes.webswaala.com/CMS/WW74/blog/revslider/revslider.html]
[themes.webswaala.com/CMS/WW74/blog/${e1d2c.html]
[themes.webswaala.com/CMS/WW74/blog/page/2/revslider/revslider.php]
[themes.webswaala.com/CMS/WW74/blog/page/2/${e1d2c]
[themes.webswaala.com/CMS/WW74/wp-content/uploads/2024/08/blog-01-768x280.jpg]
[themes.webswaala.com/CMS/WW74/blog/page/2/index.html]
[themes.webswaala.com/CMS/WW74/wp-content/plugins/elementor/assets/css/widget-social-icons.min66bc.css]
[themes.webswaala.com/CMS/WW74/wp-content/uploads/elementor/css/custom-apple-webkit.min7cf1.css]
[themes.webswaala.com/CMS/WW74/wp-content/plugins/metform/public/assets/css/metform-ui8603.css]
[themes.webswaala.com/CMS/WW74/wp-content/plugins/metform/public/assets/css/style8603.css]
[themes.webswaala.com/CMS/WW74/wp-content/plugins/elementor/assets/css/widget-google_maps.min66bc.css]
[themes.webswaala.com/CMS/WW74/wp-content/uploads/elementor/css/post-2064ce.css]
[themes.webswaala.com/CMS/WW74/index341b.html]
[themes.webswaala.com/CMS/WW74/contact/revslider/revslider.html]
[themes.webswaala.com/CMS/WW74/contact/${e1d2c.html]
[themes.webswaala.com/CMS/WW74/wp-content/uploads/elementor/css/post-30464ce.css]
[themes.webswaala.com/CMS/WW74/wp-content/plugins/unlimited-for-elementor-premium/assets_libraries/owl-carousel-new/assets/owl.video.play.html]
[themes.webswaala.com/CMS/WW74/wp-content/themes/thewebs/assets/css/comments.min1cbb.css]
[themes.webswaala.com/CMS/WW74/index2fa7.html]
[themes.webswaala.com/CMS/WW74/xmlrpc.php]
[themes.webswaala.com/CMS/WW74/2024/08/07/female-firefighter-in-protective-uniform-standing/revslider/revslider.html]
[themes.webswaala.com/CMS/WW74/2024/08/07/female-firefighter-in-protective-uniform-standing/${e1d2c.html]
[themes.webswaala.com/CMS/WW74/wp-content/gravatars/7932b2e116b076a54f452848eaabd5857f61bd957fe8a218faf216f24c9885bb.html]
[themes.webswaala.com/CMS/WW74/indexbe3b.html]
[themes.webswaala.com/CMS/WW74/2024/08/07/high-risk-activities-and-accident-control-measures/revslider/revslider.html]
[themes.webswaala.com/CMS/WW74/2024/08/07/high-risk-activities-and-accident-control-measures/${e1d2c.html]
[themes.webswaala.com/CMS/WW74/indexdc22.html]
[themes.webswaala.com/CMS/WW74/2024/08/07/honeywell-to-showcase-new-first-responder-gear/revslider/revslider.html]
[themes.webswaala.com/CMS/WW74/2024/08/07/honeywell-to-showcase-new-first-responder-gear/${e1d2c.html]
[themes.webswaala.com/CMS/WW74/index269b.html]
[themes.webswaala.com/CMS/WW74/2024/08/07/this-uniform-represents-a-commitment-to-service/revslider/revslider.html]
[themes.webswaala.com/CMS/WW74/2024/08/07/this-uniform-represents-a-commitment-to-service/${e1d2c.html]
[themes.webswaala.com/CMS/WW74/index1a26.html]
[themes.webswaala.com/CMS/WW74/2024/08/07/they-dont-just-fight-fires-they-conquerfire-fear/revslider/revslider.html]
[themes.webswaala.com/CMS/WW74/2024/08/07/they-dont-just-fight-fires-they-conquerfire-fear/${e1d2c.html]
[themes.webswaala.com/CMS/WW74/index8b4e.html]
[themes.webswaala.com/CMS/WW74/2024/08/07/pour-oil-on-troubled-waters-but-neveron-your-fire/revslider/revslider.html]
[themes.webswaala.com/CMS/WW74/2024/08/07/pour-oil-on-troubled-waters-but-neveron-your-fire/${e1d2c.html]
[themes.webswaala.com/CMS/WW74/wp-content/plugins/elementor/assets/lib/font-awesome/webfonts/fa-brands-400.svg]
[themes.webswaala.com/CMS/WW74/wp-content/plugins/elementor/assets/lib/font-awesome/webfonts/fa-regular-400.svg]
[themes.webswaala.com/CMS/WW74/wp-content/plugins/elementor/assets/lib/font-awesome/webfonts/fa-solid-900.svg]
[themes.webswaala.com/CMS/WW74/blog/page/2/revslider/revslider.html]
[themes.webswaala.com/CMS/WW74/blog/page/2/${e1d2c.html]
